
============================================================
  Import Run: 2026-04-17T07:14:06.718Z
============================================================
[2026-04-17T07:14:06.719Z] [INFO ] 🎯 Version filter: TE_IRV
[2026-04-17T07:14:08.421Z] [INFO ] Connecting to MongoDB...
[2026-04-17T07:14:09.454Z] [INFO ] ✅ Connected to MongoDB
[2026-04-17T07:14:09.455Z] [INFO ] 
Scanning: C:\Users\Pranjal Singh\OneDrive\Desktop\Projects\the-bible-net-prod\assets
[2026-04-17T07:14:09.457Z] [INFO ] Found 4 JSON file(s):
[2026-04-17T07:14:09.457Z] [INFO ]   · assets\EN-English\asv.json
[2026-04-17T07:14:09.457Z] [INFO ]   · assets\EN-English\kjv.json
[2026-04-17T07:14:09.457Z] [INFO ]   · assets\HI-हिन्दी,_हिंदी\irv.json
[2026-04-17T07:14:09.458Z] [INFO ]   · assets\TE-తెలుగు\te_irv.json
[2026-04-17T07:14:09.458Z] [INFO ] After filter: 1 file(s) selected
[2026-04-17T07:14:09.458Z] [INFO ] 
────────────────────────────────────────────────────────────
[2026-04-17T07:14:09.458Z] [INFO ] Processing: te_irv.json  (dir: TE-తెలుగు)
[2026-04-17T07:14:09.775Z] [INFO ] Detected: Format A (flat verses) | Abbrev: TEIRV | Lang: te
[2026-04-17T07:14:09.776Z] [INFO ] ┌─ Version: "ఇండియన్ రివైజ్డ్ వెర్షన్ (IRV) - తెలుగు" [TEIRV] lang=te
[2026-04-17T07:14:09.776Z] [INFO ] │  Source : assets\TE-తెలుగు\te_irv.json
[2026-04-17T07:14:09.854Z] [INFO ] │  Verses : 31,004
[2026-04-17T07:14:21.768Z] [PROG ] │  [  2%] Book  1/66: ఆదికాండం                  (50 ch)
[2026-04-17T07:14:30.523Z] [PROG ] │  [  3%] Book  2/66: నిర్గమకాండం               (40 ch)
[2026-04-17T07:14:36.596Z] [PROG ] │  [  5%] Book  3/66: లేవీయకాండం                (27 ch)
[2026-04-17T07:14:44.684Z] [PROG ] │  [  6%] Book  4/66: సంఖ్యాకాండం               (36 ch)
[2026-04-17T07:14:52.336Z] [PROG ] │  [  8%] Book  5/66: ద్వితీయోపదేశకాండం         (34 ch)
[2026-04-17T07:14:57.561Z] [PROG ] │  [  9%] Book  6/66: యెహోషువ                   (24 ch)
[2026-04-17T07:15:02.297Z] [PROG ] │  [ 11%] Book  7/66: న్యాయాధిపతులు             (21 ch)
[2026-04-17T07:15:03.304Z] [PROG ] │  [ 12%] Book  8/66: రూతు                      (4 ch)
[2026-04-17T07:15:10.024Z] [PROG ] │  [ 14%] Book  9/66: 1 సమూయేలు                 (31 ch)
[2026-04-17T07:15:15.284Z] [PROG ] │  [ 15%] Book 10/66: 2 సమూయేలు                 (24 ch)
[2026-04-17T07:15:20.043Z] [PROG ] │  [ 17%] Book 11/66: 1 రాజులు                  (22 ch)
[2026-04-17T07:15:25.490Z] [PROG ] │  [ 18%] Book 12/66: 2 రాజులు                  (25 ch)
[2026-04-17T07:15:31.871Z] [PROG ] │  [ 20%] Book 13/66: 1 దినవృత్తాంతములు         (29 ch)
[2026-04-17T07:15:39.771Z] [PROG ] │  [ 21%] Book 14/66: 2 దినవృత్తాంతములు         (36 ch)
[2026-04-17T07:15:42.094Z] [PROG ] │  [ 23%] Book 15/66: ఎజ్రా                     (10 ch)
[2026-04-17T07:15:45.013Z] [PROG ] │  [ 24%] Book 16/66: నెహెమ్యా                  (13 ch)
[2026-04-17T07:15:47.265Z] [PROG ] │  [ 26%] Book 17/66: ఎస్తేరు                   (10 ch)
[2026-04-17T07:15:56.363Z] [PROG ] │  [ 27%] Book 18/66: యోబు                      (42 ch)
[2026-04-17T07:16:31.681Z] [PROG ] │  [ 29%] Book 19/66: కీర్తనలు                  (150 ch)
[2026-04-17T07:16:40.771Z] [PROG ] │  [ 30%] Book 20/66: సామెతలు                   (31 ch)
[2026-04-17T07:16:44.562Z] [PROG ] │  [ 32%] Book 21/66: ప్రసంగి                   (12 ch)
[2026-04-17T07:16:46.560Z] [PROG ] │  [ 33%] Book 22/66: పరమగీతము                  (8 ch)
[2026-04-17T07:17:01.210Z] [PROG ] │  [ 35%] Book 23/66: యెషయా                     (66 ch)
[2026-04-17T07:17:12.778Z] [PROG ] │  [ 36%] Book 24/66: యిర్మీయా                  (52 ch)
[2026-04-17T07:17:14.007Z] [PROG ] │  [ 38%] Book 25/66: విలాప వాక్యములు           (5 ch)
[2026-04-17T07:17:24.622Z] [PROG ] │  [ 39%] Book 26/66: యెహెజ్కేలు                (48 ch)
[2026-04-17T07:17:27.496Z] [PROG ] │  [ 41%] Book 27/66: దానియేలు                  (12 ch)
[2026-04-17T07:17:30.695Z] [PROG ] │  [ 42%] Book 28/66: హోషేయ                     (14 ch)
[2026-04-17T07:17:31.483Z] [PROG ] │  [ 44%] Book 29/66: యోవేలు                    (3 ch)
[2026-04-17T07:17:33.700Z] [PROG ] │  [ 45%] Book 30/66: ఆమోసు                     (9 ch)
[2026-04-17T07:17:34.056Z] [PROG ] │  [ 47%] Book 31/66: ఓబద్యా                    (1 ch)
[2026-04-17T07:17:35.068Z] [PROG ] │  [ 48%] Book 32/66: యోనా                      (4 ch)
[2026-04-17T07:17:36.783Z] [PROG ] │  [ 50%] Book 33/66: మీకా                      (7 ch)
[2026-04-17T07:17:37.570Z] [PROG ] │  [ 52%] Book 34/66: నహూము                     (3 ch)
[2026-04-17T07:17:38.395Z] [PROG ] │  [ 53%] Book 35/66: హబక్కూకు                  (3 ch)
[2026-04-17T07:17:39.178Z] [PROG ] │  [ 55%] Book 36/66: జెఫన్యా                   (3 ch)
[2026-04-17T07:17:39.727Z] [PROG ] │  [ 56%] Book 37/66: హగ్గయి                    (2 ch)
[2026-04-17T07:17:42.884Z] [PROG ] │  [ 58%] Book 38/66: జెకర్యా                   (14 ch)
[2026-04-17T07:17:43.896Z] [PROG ] │  [ 59%] Book 39/66: మలాకీ                     (4 ch)
[2026-04-17T07:17:50.520Z] [PROG ] │  [ 61%] Book 40/66: మత్తయి                    (28 ch)
[2026-04-17T07:17:54.515Z] [PROG ] │  [ 62%] Book 41/66: మార్కు                    (16 ch)
[2026-04-17T07:18:00.292Z] [PROG ] │  [ 64%] Book 42/66: లూకా                      (24 ch)
[2026-04-17T07:18:05.240Z] [PROG ] │  [ 65%] Book 43/66: యోహాను                    (21 ch)
[2026-04-17T07:18:11.784Z] [PROG ] │  [ 67%] Book 44/66: అపొస్తలుల కార్యములు       (28 ch)
[2026-04-17T07:18:15.500Z] [PROG ] │  [ 68%] Book 45/66: రోమీయులకు                 (16 ch)
[2026-04-17T07:18:19.731Z] [PROG ] │  [ 70%] Book 46/66: 1 కొరింతీయులకు            (16 ch)
[2026-04-17T07:18:22.709Z] [PROG ] │  [ 71%] Book 47/66: 2 కొరింతీయులకు            (13 ch)
[2026-04-17T07:18:24.158Z] [PROG ] │  [ 73%] Book 48/66: గలతీయులకు                 (6 ch)
[2026-04-17T07:18:25.701Z] [PROG ] │  [ 74%] Book 49/66: ఎఫెసీయులకు                (6 ch)
[2026-04-17T07:18:26.731Z] [PROG ] │  [ 76%] Book 50/66: ఫిలిప్పీయులకు             (4 ch)
[2026-04-17T07:18:27.734Z] [PROG ] │  [ 77%] Book 51/66: కొలస్సయులకు               (4 ch)
[2026-04-17T07:18:28.941Z] [PROG ] │  [ 79%] Book 52/66: 1 థెస్సలొనీకయులకు         (5 ch)
[2026-04-17T07:18:29.726Z] [PROG ] │  [ 80%] Book 53/66: 2 థెస్సలొనీకయులకు         (3 ch)
[2026-04-17T07:18:31.221Z] [PROG ] │  [ 82%] Book 54/66: 1 తిమోతికి                (6 ch)
[2026-04-17T07:18:32.246Z] [PROG ] │  [ 83%] Book 55/66: 2 తిమోతికి                (4 ch)
[2026-04-17T07:18:33.036Z] [PROG ] │  [ 85%] Book 56/66: తీతుకి                    (3 ch)
[2026-04-17T07:18:33.517Z] [PROG ] │  [ 86%] Book 57/66: ఫిలేమోనుకు                (1 ch)
[2026-04-17T07:18:36.557Z] [PROG ] │  [ 88%] Book 58/66: హెబ్రీయులకు               (13 ch)
[2026-04-17T07:18:37.784Z] [PROG ] │  [ 89%] Book 59/66: యాకోబు                    (5 ch)
[2026-04-17T07:18:39.039Z] [PROG ] │  [ 91%] Book 60/66: 1 పేతురు                  (5 ch)
[2026-04-17T07:18:39.883Z] [PROG ] │  [ 92%] Book 61/66: 2 పేతురు                  (3 ch)
[2026-04-17T07:18:41.116Z] [PROG ] │  [ 94%] Book 62/66: 1 యోహాను                  (5 ch)
[2026-04-17T07:18:41.464Z] [PROG ] │  [ 95%] Book 63/66: 2 యోహాను                  (1 ch)
[2026-04-17T07:18:41.830Z] [PROG ] │  [ 97%] Book 64/66: 3 యోహాను                  (1 ch)
[2026-04-17T07:18:42.197Z] [PROG ] │  [ 98%] Book 65/66: యూదా                      (1 ch)
[2026-04-17T07:18:47.244Z] [PROG ] │  [100%] Book 66/66: ప్రకటన గ్రంథము            (22 ch)
[2026-04-17T07:18:47.348Z] [INFO ] └─ ✅ Complete: 66 books | 1189 chapters | 31,004 verses
